// Jest Snapshot v1, https://goo.gl/fbAQLP

exports[`InputBox snapshot InputBox snapshot test 1`] = `
<div
  className="InputBox"
  style={
    Object {
      "marginLeft": "40px",
    }
  }
>
  <h4
    className="InputBox__question"
  >
    Write good
  </h4>
  <input
    className="InputBox__input"
    onChange={[Function]}
    type="text"
    value=""
  />
</div>
`;
